---
source: src/ui/draw.rs
expression: text
---
╔════════════════════════════════════════════════════════════════════════════════════════════════════════════════════════════════════════════════════════════════════════╗
║  R U S T Y  A M P  v0.2.6  ▐  MARSHALL JCM800  ▐  MESA 4×12 (V30)  ▐  ● POWER ON  ▐  ○ OFF AIR                                                                         ║
║  GATE ──▶ TS-808 ──▶ AMP ──▶ CAB ──▶ REVERB ──▶ OUTPUT                                                                                                                 ║
║════════════════════════════════════════════════════════════════════════════════════════════════════════════════════════════════════════════════════════════════════════║
║  INPUT  ▐░░░░░░░░░░░░░░░░░░░░░░░░░░░░░░░░░░░░░░░░░░░░░░░░░░░░░░░░░░░░░░░░░░░░░░░░░░░░░░░░░░░░░░░░░░░░░░░░░░░░░░░░░░░░░░░░░░░░░░░░░░░░░░░░░░░░░░░░░░░░░░░░░░░▌          ║
║ OUTPUT  ▐░░░░░░░░░░░░░░░░░░░░░░░░░░░░░░░░░░░░░░░░░░░░░░░░░░░░░░░░░░░░░░░░░░░░░░░░░░░░░░░░░░░░░░░░░░░░░░░░░░░░░░░░░░░░░░░░░░░░░░░░░░░░░░░░░░░░░░░░░░░░░░░░░░░▌          ║
║         -60        -48        -36        -24        -12       -6     0 dB    0W  -120.0 dB                                                                             ║
║┏━━━━━━━━━━━━━━━━━━━━━━━━━━━━━━━━━━━━━━━━━━━━━━━━━━━━━━━━━━━━━━━━━━━━━━━━━━━━━━━━━━━━━━━━━━━━━━━━━━━━━━━━━━━━━━━━━━━━━━━━━━━━━━━━━━━━━━━━━━━━━━━━━━━━━━━━━━━━━━━━━━━━━━┓║
║┃  AMP  ◀ JCM800 ▶  [ DUAL RECT ]  [ ╔ S A V E   P R E S E T ════════════════════════════════════════════════════════════════════╗ C to toggle                         ┃║
║┗━━━━━━━━━━━━━━━━━━━━━━━━━━━━━━━━━━━━║Name:                                                                                      ║━━━━━━━━━━━━━━━━━━━━━━━━━━━━━━━━━━━━━┛║
║┏┤ MARSHALL JCM800 ├━━━━━━━━━━━━━━━━━║My Lead█                                                                                   ║━━━━━━━━━━━━━━━━━━━━━━━┤ 🎙 MESA V30 ├┓║
║┃          ··◇                    ·◇·║───────────────────────────────────────────────────────────────────────────────────────────║           ·◇·       ···       ···   ┃║
║┃         · ● ·                  · ● ║                                                                                           ║          · ● ·     ◇ ● ·     ◇ ● ·  ┃║
║┃          · ·                    · ·║Description (optional):                                                                    ║           · ·       · ·       · ·   ┃║
║┃       GAIN 6.5               BASS 5║warm mid-gain                                                                              ║         MIC 5.0  BLEND 1.5 ROOM 1.5 ┃║
║┃▚▞▚▞▚▞▚▞▚▞▚▞▚▞▚▞▚▞▚▞▚▞▚▞▚▞▚▞▚▞▚▞▚▞▚▞║───────────────────────────────────────────────────────────────────────────────────────────║▞▚▞▚▞▚▞▚▞▚▞▚▞▚▞▚▞▚▞▚▞▚▞▚▞▚▞▚▞▚▞▚▞▚▞▚▞┃║
║┗━━━━━━━━━━━━━━━━━━━━━━━━━━━━━━━━━━━━║                                                                                           ║━━━━━━━━━━━━━━━━━━━━━━━━━━━━━━━━━━━━━┛║
║┌ GUITAR RIG ────────────────────────║                                                                                           ║─────────────────────────────────────┐║
║│╔ TS-808 ◉ ═════════════════════════║                                                                                           ║ADD ════════════════════════════════╗│║
║│║              4.5  6.0  7.0        ║                                                                                           ║               ＋                    ║│║
║│║                ▗▄▄▄▄▄▄▄▖          ║                                                                                           ║                                    ║│║
║│╚═══════════════════════════════════║                                                                                           ║════════════════════════════════════╝│║
║│┏┤ SELECT A PEDAL — Tab / ←→ ├━━━━━━║                                                                                           ║━━━━━━━━━━━━━━━━━━━━━━━━━━━━━━━━━━━━┓│║
║│┃                                   ║                                                                                           ║                                    ┃│║
║│┃                                   ║                                                                                           ║                                    ┃│║
║│┃                                   ║                                                                                           ║                                    ┃│║
║│┃                                   ║                                                                                           ║                                    ┃│║
║│┃                                   ║                                                                                           ║                                    ┃│║
║│┃                                   ║                                                                                           ║                                    ┃│║
║│┃                                   ║                                                                                           ║                                    ┃│║
║│┃                                   ║                                                                                           ║                                    ┃│║
║│┃                                   ║                                                                                           ║                                    ┃│║
║│┃                                   ║                                                                                           ║                                    ┃│║
║│┃                                   ║                                                                                           ║                                    ┃│║
║│┃                                   ║                                                                                           ║                                    ┃│║
║│┃                                   ║                                                                                           ║                                    ┃│║
║│┃                                   ║                                                                                           ║                                    ┃│║
║│┃                                   ║                                                                                           ║                                    ┃│║
║│┃                                   ║                                                                                           ║                                    ┃│║
║│┃                                   ║                                                                                           ║                                    ┃│║
║│┃                                   ║                                                                                           ║                                    ┃│║
║│┃                                   ║                                                                                           ║                                    ┃│║
║│┃                                   ║                                                                                           ║                                    ┃│║
║│┃                                   ║                                                                                           ║                                    ┃│║
║│┃                                   ║                          Tab next field  Enter save  Esc cancel                           ║                                    ┃│║
║│┃                                   ╚═══════════════════════════════════════════════════════════════════════════════════════════╝                                    ┃│║
║│┃                                                                                                                                                                    ┃│║
║│┃                                                                                                                                                                    ┃│║
║│┃                                                                                                                                                                    ┃│║
║│┃                                                                                                                                                                    ┃│║
║│┗━━━━━━━━━━━━━━━━━━━━━━━━━━━━━━━━━━━━━━━━━━━━━━━━━━━━━━━━━━━━━━━━━━━━━━━━━━━━━━━━━━━━━━━━━━━━━━━━━━━━━━━━━━━━━━━━━━━━━━━━━━━━━━━━━━━━━━━━━━━━━━━━━━━━━━━━━━━━━━━━━━━━┛│║
║└──────────────────────────────────────────────────────────────────────────────────────────────────────────────────────────────────────────────────────────────────────┘║
║                                            Tab section  ←/→ knob  ↑/↓  +/- adjust  Space toggle  D remove  A amp  C cab  I IR                                          ║
║                                           X IR A/B  Z amp A/B  P presets  T tuner  V plugins  U amp plugin  R record  Q quit                                           ║
╚════════════════════════════════════════════════════════════════════════════════════════════════════════════════════════════════════════════════════════════════════════╝
