---
source: src/ui/draw.rs
expression: text
---
╔════════════════════════════════════════════════════════════════════════════════════════════════════════════════════════════════════════════════════════════════════════╗
║  R U S T Y  A M P  v0.2.3  ▐  MARSHALL JCM800  ▐  MESA 4×12 (V30)  ▐  ● POWER ON  ▐  ○ OFF AIR                                                                         ║
║  GATE ──▶ TS-808 ──▶ AMP ──▶ CAB ──▶ REVERB ──▶ OUTPUT                                                                                                                 ║
║════════════════════════════════════════════════════════════════════════════════════════════════════════════════════════════════════════════════════════════════════════║
║  INPUT  ▐░░░░░░░░░░░░░░░░░░░░░░░░░░░░░░░░░░░░░░░░░░░░░░░░░░░░░░░░░░░░░░░░░░░░░░░░░░░░░░░░░░░░░░░░░░░░░░░░░░░░░░░░░░░░░░░░░░░░░░░░░░░░░░░░░░░░░░░░░░░░░░░░░░░▌          ║
║ OUTPUT  ▐░░░░░░░░░░░░░░░░░░░░░░░░░░░░░░░░░░░░░░░░░░░░░░░░░░░░░░░░░░░░░░░░░░░░░░░░░░░░░░░░░░░░░░░░░░░░░░░░░░░░░░░░░░░░░░░░░░░░░░░░░░░░░░░░░░░░░░░░░░░░░░░░░░░▌          ║
║         -60        -48        -36        -24        -12       -6     0 dB    0W  -120.0 dB                                                                             ║
║┏━━━━━━━━━━━━━━━━━━━━━━━━━━━━━━━━━━━━━━━━━━━━━━━━━━━━━━━━━━━━━━━━━━━━━━━━━━━━━━━━━━━━━━━━━━━━━━━━━━━━━━━━━━━━━━━━━━━━━━━━━━━━━━━━━━━━━━━━━━━━━━━━━━━━━━━━━━━━━━━━━━━━━━┓║
║┃  AMP  ◀ JCM800 ▶  [ DUAL RECT ]  [ RANDALL ]  ↑/↓  A                                CAB  ◀ MESA V30 ▶  [ MARSH GB ]  [ ORANGE ]  C to toggle                         ┃║
║┗━━━━━━━━━━━━━━━━━━━━━━━━━━━━━━━━━━━━━━━━━━━━━━━━━━━━━━━━━━━━━━━━━━━━━━━━━━━━━━━━━━━━━━━━━━━━━━━━━━━━━━━━━━━━━━━━━━━━━━━━━━━━━━━━━━━━━━━━━━━━━━━━━━━━━━━━━━━━━━━━━━━━━━┛║
║┏┤ MARSHALL JCM800 ├━━━━━━━━━━━━━━━━━━━━━━━━━━━━━━━━━━━━━━━━━━━━━━━━━━━━━━━━━━━━━━━━━━━━━━━━━━━━━━━━━━━━━━━━━━━━━━━━━━━━━━━━━━━━━━━━━━━━━━━━━━━━━━━━━━━━━┤ 🎙 MESA V30 ├┓║
║┃          ··◇                    ·◇·                   ·◇·                    ··◇                    ·◇·                   ·◇·              ·◇·       ···       ···   ┃║
║┃         · ● ·                  · ● ·                 · ● ·                  · ● ·                  · ● ·                 · ● ·            · ● ·     ◇ ● ·     ◇ ● ·  ┃║
║┃          · ·                    · ·                   · ·                    · ·                    · ·                   · ·              · ·       · ·       · ·   ┃║
║┃       GAIN 6.5               BASS 5.0               MID 4.5              TREBLE 6.5            PRESENCE 5.0           MASTER 5.5         MIC 5.0  BLEND 1.5 ROOM 1.5 ┃║
║┃▚▞▚▞▚▞▚▞▚▞▚▞▚▞▚▞▚▞▚▞▚▞▚▞▚▞▚▞▚▞▚▞▚▞▚▞▚▞▚▞▚▞▚▞▚▞▚▞▚▞▚▞▚▞▚▞▚▞▚▞▚▞▚▞▚▞▚▞▚▞▚▞▚▞▚▞▚▞▚▞▚▞▚▞▚▞▚▞▚▞▚▞▚▞▚▞▚▞▚▞▚▞▚▞▚▞▚▞▚▞▚▞▚▞▚▞▚▞▚▞▚▞▚▞▚▞▚▞▚▞▚▞▚▞▚▞▚▞▚▞▚▞▚▞▚▞▚▞▚▞▚▞▚▞▚▞▚▞▚▞▚▞▚▞▚▞┃║
║┗━━━━━━━━━━━━━━━━━━━━━━━━━━━━━━━━━━━━━━━━━━━━━━━━━━━━━━━━━━━━━━━━━━━━━━━━━━━━━━━━━━━━━━━━━━━━━━━━━━━━━━━━━━━━━━━━━━━━━━━━━━━━━━━━━━━━━━━━━━━━━━━━━━━━━━━━━━━━━━━━━━━━━━┛║
║┌ GUITAR RIG ──────────────────────────────────────────────────────────────────────────────────────────────────────────────────────────────────────────────────────────┐║
║│╔ TS-808 ◉ ══════════════════════════════╗╔ SPRING REVERB ◉ ══════════════════════╗╔ NOISE GATE ◉ ══════════════════════════╗╔ + ADD ════════════════════════════════╗│║
║│║              4.5  6.0  7.0             ║║             5.5  4.0  2.5             ║║                2.0  3.0                ║║                  ＋                    ║│║
║│║                ▗▄▄▄▄▄▄▄▖               ║║               ▗▄▄▄▄▄▄▄▖               ║║                ▗▄▄▄▄▄▄▄▖               ║║                                       ║│║
║│╚════════════════════════════════════════╝╚═══════════════════════════════════════╝╚════════════════════════════════════════╝╚═══════════════════════════════════════╝│║
║│┏┤ SELECT A PEDAL — Tab / ←→ ├━━━━━━━━━━━━━━━╔ A D D   P E D A L ═══════════════════════════════════════════════════════╗━━━━━━━━━━━━━━━━━━━━━━━━━━━━━━━━━━━━━━━━━━━━┓│║
║│┃                                            ║▶ DS-1                                                                    ║                                            ┃│║
║│┃                                            ║  DELAY                                                                   ║                                            ┃│║
║│┃                                            ║  COMP                                                                    ║                                            ┃│║
║│┃                                            ║  FUZZ                                                                    ║                                            ┃│║
║│┃                                            ║  PRE-AMP EQ                                                              ║                                            ┃│║
║│┃                                            ║  PARAMETRIC EQ                                                           ║                                            ┃│║
║│┃                                            ║  FLANGER                                                                 ║                                            ┃│║
║│┃                                            ║                                                                          ║                                            ┃│║
║│┃                                            ║                    ↑/↓ navigate  Enter add  Esc close                    ║                                            ┃│║
║│┃                                            ╚══════════════════════════════════════════════════════════════════════════╝                                            ┃│║
║│┃                                                                                                                                                                    ┃│║
║│┃                                                                                                                                                                    ┃│║
║│┃                                                                                                                                                                    ┃│║
║│┃                                                                                                                                                                    ┃│║
║│┃                                                                                                                                                                    ┃│║
║│┃                                                                                                                                                                    ┃│║
║│┃                                                                                                                                                                    ┃│║
║│┃                                                                                                                                                                    ┃│║
║│┃                                                                                                                                                                    ┃│║
║│┃                                                                                                                                                                    ┃│║
║│┃                                                                                                                                                                    ┃│║
║│┃                                                                                                                                                                    ┃│║
║│┃                                                                                                                                                                    ┃│║
║│┃                                                                                                                                                                    ┃│║
║│┃                                                                                                                                                                    ┃│║
║│┃                                                                                                                                                                    ┃│║
║│┃                                                                                                                                                                    ┃│║
║│┃                                                                                                                                                                    ┃│║
║│┗━━━━━━━━━━━━━━━━━━━━━━━━━━━━━━━━━━━━━━━━━━━━━━━━━━━━━━━━━━━━━━━━━━━━━━━━━━━━━━━━━━━━━━━━━━━━━━━━━━━━━━━━━━━━━━━━━━━━━━━━━━━━━━━━━━━━━━━━━━━━━━━━━━━━━━━━━━━━━━━━━━━━┛│║
║└──────────────────────────────────────────────────────────────────────────────────────────────────────────────────────────────────────────────────────────────────────┘║
║                   Tab section  ←/→ knob  ↑/↓  +/- adjust  Space toggle  D remove  A amp  C cab  I IR  P presets  T tuner  V plugins  R record  Q quit                  ║
╚════════════════════════════════════════════════════════════════════════════════════════════════════════════════════════════════════════════════════════════════════════╝
